// Jest Snapshot v1, https://goo.gl/fbAQLP

exports[`mainPaddingStyles generates expected padding styles 1`] = `
"@media (min-width:0px) {
  .makeStyles-mainPaddingSides-1 {
    padding-left: 0px;
    padding-right: 0px;
  }
}
@media (min-width:600px) {
  .makeStyles-mainPaddingSides-1 {
    padding-left: 4px;
    padding-right: 4px;
  }
}
@media (min-width:960px) {
  .makeStyles-mainPaddingSides-1 {
    padding-left: 8px;
    padding-right: 8px;
  }
}
@media (min-width:1280px) {
  .makeStyles-mainPaddingSides-1 {
    padding-left: 8px;
    padding-right: 8px;
  }
}
@media (min-width:1920px) {
  .makeStyles-mainPaddingSides-1 {
    padding-left: 8px;
    padding-right: 8px;
  }
}
@media (min-width:0px) {
  .makeStyles-mainPaddingTop-2 {
    padding-top: 0px;
  }
}
@media (min-width:600px) {
  .makeStyles-mainPaddingTop-2 {
    padding-top: 4px;
  }
}
@media (min-width:960px) {
  .makeStyles-mainPaddingTop-2 {
    padding-top: 4px;
  }
}
@media (min-width:1280px) {
  .makeStyles-mainPaddingTop-2 {
    padding-top: 8px;
  }
}
@media (min-width:1920px) {
  .makeStyles-mainPaddingTop-2 {
    padding-top: 8px;
  }
}
@media (min-width:0px) {
  .makeStyles-mainPaddingBottom-3 {
    padding-bottom: 0px;
  }
}
@media (min-width:600px) {
  .makeStyles-mainPaddingBottom-3 {
    padding-bottom: 4px;
  }
}
@media (min-width:960px) {
  .makeStyles-mainPaddingBottom-3 {
    padding-bottom: 8px;
  }
}
@media (min-width:1280px) {
  .makeStyles-mainPaddingBottom-3 {
    padding-bottom: 8px;
  }
}
@media (min-width:1920px) {
  .makeStyles-mainPaddingBottom-3 {
    padding-bottom: 8px;
  }
}"
`;
