// Jest Snapshot v1, https://goo.gl/fbAQLP

exports[`mainPaddingStyles generates expected padding styles 1`] = `
"@media (min-width:0px) {
  .Hook-mainPaddingSides-8huz73 {
    padding-left: 0px;
    padding-right: 0px;
  }
}
@media (min-width:600px) {
  .Hook-mainPaddingSides-8huz73 {
    padding-left: 4px;
    padding-right: 4px;
  }
}
@media (min-width:960px) {
  .Hook-mainPaddingSides-8huz73 {
    padding-left: 8px;
    padding-right: 8px;
  }
}
@media (min-width:1280px) {
  .Hook-mainPaddingSides-8huz73 {
    padding-left: 8px;
    padding-right: 8px;
  }
}
@media (min-width:1920px) {
  .Hook-mainPaddingSides-8huz73 {
    padding-left: 8px;
    padding-right: 8px;
  }
}
@media (min-width:0px) {
  .Hook-mainPaddingTop-vwmiep {
    padding-top: 0px;
  }
}
@media (min-width:600px) {
  .Hook-mainPaddingTop-vwmiep {
    padding-top: 4px;
  }
}
@media (min-width:960px) {
  .Hook-mainPaddingTop-vwmiep {
    padding-top: 4px;
  }
}
@media (min-width:1280px) {
  .Hook-mainPaddingTop-vwmiep {
    padding-top: 8px;
  }
}
@media (min-width:1920px) {
  .Hook-mainPaddingTop-vwmiep {
    padding-top: 8px;
  }
}
@media (min-width:0px) {
  .Hook-mainPaddingBottom-1a6gl0k {
    padding-bottom: 0px;
  }
}
@media (min-width:600px) {
  .Hook-mainPaddingBottom-1a6gl0k {
    padding-bottom: 4px;
  }
}
@media (min-width:960px) {
  .Hook-mainPaddingBottom-1a6gl0k {
    padding-bottom: 8px;
  }
}
@media (min-width:1280px) {
  .Hook-mainPaddingBottom-1a6gl0k {
    padding-bottom: 8px;
  }
}
@media (min-width:1920px) {
  .Hook-mainPaddingBottom-1a6gl0k {
    padding-bottom: 8px;
  }
}"
`;
